---
source: src/lexer.rs
expression: "lex(\"== === != !== < > <= >=\")"
---
Ok(
    [
        EqEq,
        EqEqEq,
        NotEq,
        NotEqEq,
        Lt,
        Gt,
        LtEq,
        GtEq,
        Eof,
    ],
)
