---
source: src/lexer.rs
expression: "lex(\"'abc \\\\\\n def'\")"
---
Ok(
    [
        String(
            "abc  def",
        ),
        Eof,
    ],
)
