---
source: src/lexer.rs
expression: "lex(\"// foo\\n42 // bar\\r// baz qux\")"
---
Ok(
    [
        Number(
            42.0,
        ),
        Eof,
    ],
)
