---
source: src/lexer.rs
expression: "lex(\"&& ||\")"
---
Ok(
    [
        AndAnd,
        PipePipe,
        Eof,
    ],
)
