---
source: src/lexer.rs
expression: "lex(\"??\")"
---
Ok(
    [
        QuestionQuestion,
        Eof,
    ],
)
