---
source: src/lexer.rs
expression: "lex(\"++ -- !\")"
---
Ok(
    [
        PlusPlus,
        MinusMinus,
        Not,
        Eof,
    ],
)
