---
source: src/lexer.rs
expression: "lex(\"+ - * / ** %\")"
---
Ok(
    [
        Plus,
        Minus,
        Star,
        Slash,
        StarStar,
        Percent,
        Eof,
    ],
)
