---
source: src/lexer.rs
expression: "lex(\"? :\")"
---
Ok(
    [
        Question,
        Colon,
        Eof,
    ],
)
